[INFO] Scanning for projects...
[INFO] 
[INFO] ------------------------< com.j2ee:carbooking >-------------------------
[INFO] Building carbooking 0.0.1-SNAPSHOT
[INFO]   from pom.xml
[INFO] --------------------------------[ jar ]---------------------------------
[INFO] 
[INFO] --- resources:3.3.1:resources (default-resources) @ carbooking ---
[INFO] Copying 1 resource from src\main\resources to target\classes
[INFO] Copying 1 resource from src\main\resources to target\classes
[INFO] 
[INFO] --- compiler:3.11.0:compile (default-compile) @ carbooking ---
[INFO] Changes detected - recompiling the module! :source
[INFO] Compiling 69 source files with javac [debug release 17] to target\classes
[INFO] -------------------------------------------------------------
[ERROR] COMPILATION ERROR : 
[INFO] -------------------------------------------------------------
[ERROR] /E:/J2EE/BE-J2EE/src/main/java/com/j2ee/carbooking/security/UserDetailsServiceImpl.java:[26,17] cannot find symbol
  symbol:   method getId()
  location: variable user of type com.j2ee.carbooking.model.User
[ERROR] /E:/J2EE/BE-J2EE/src/main/java/com/j2ee/carbooking/security/UserDetailsServiceImpl.java:[27,17] cannot find symbol
  symbol:   method getPassword()
  location: variable user of type com.j2ee.carbooking.model.User
[ERROR] /E:/J2EE/BE-J2EE/src/main/java/com/j2ee/carbooking/security/UserDetailsServiceImpl.java:[27,46] cannot find symbol
  symbol:   method getPassword()
  location: variable user of type com.j2ee.carbooking.model.User
[ERROR] /E:/J2EE/BE-J2EE/src/main/java/com/j2ee/carbooking/security/UserDetailsServiceImpl.java:[28,62] cannot find symbol
  symbol:   method getRole()
  location: variable user of type com.j2ee.carbooking.model.User
[ERROR] /E:/J2EE/BE-J2EE/src/main/java/com/j2ee/carbooking/controller/WalletController.java:[28,38] cannot find symbol
  symbol:   method createDeposit(java.lang.String,com.j2ee.carbooking.dto.request.DepositWalletRequest)
  location: variable walletService of type com.j2ee.carbooking.service.WalletService
[ERROR] /E:/J2EE/BE-J2EE/src/main/java/com/j2ee/carbooking/service/WalletService.java:[64,11] cannot find symbol
  symbol:   method setUserId(java.lang.String)
  location: variable tx of type com.j2ee.carbooking.model.WalletTransaction
[ERROR] /E:/J2EE/BE-J2EE/src/main/java/com/j2ee/carbooking/service/WalletService.java:[65,11] cannot find symbol
  symbol:   method setType(com.j2ee.carbooking.enums.TransactionType)
  location: variable tx of type com.j2ee.carbooking.model.WalletTransaction
[ERROR] /E:/J2EE/BE-J2EE/src/main/java/com/j2ee/carbooking/service/WalletService.java:[66,29] cannot find symbol
  symbol:   method getAmount()
  location: variable request of type com.j2ee.carbooking.dto.request.DepositWalletRequest
[ERROR] /E:/J2EE/BE-J2EE/src/main/java/com/j2ee/carbooking/service/WalletService.java:[67,33] cannot find symbol
  symbol:   method getWalletBalance()
  location: variable user of type com.j2ee.carbooking.model.User
[ERROR] /E:/J2EE/BE-J2EE/src/main/java/com/j2ee/carbooking/service/WalletService.java:[68,32] cannot find symbol
  symbol:   method getWalletBalance()
  location: variable user of type com.j2ee.carbooking.model.User
[ERROR] /E:/J2EE/BE-J2EE/src/main/java/com/j2ee/carbooking/service/WalletService.java:[69,11] cannot find symbol
  symbol:   method setRefType(java.lang.String)
  location: variable tx of type com.j2ee.carbooking.model.WalletTransaction
[ERROR] /E:/J2EE/BE-J2EE/src/main/java/com/j2ee/carbooking/service/WalletService.java:[70,11] cannot find symbol
  symbol:   method setRefId(java.lang.String)
  location: variable tx of type com.j2ee.carbooking.model.WalletTransaction
[ERROR] /E:/J2EE/BE-J2EE/src/main/java/com/j2ee/carbooking/service/WalletService.java:[71,11] cannot find symbol
  symbol:   method setDescription(java.lang.String)
  location: variable tx of type com.j2ee.carbooking.model.WalletTransaction
[ERROR] /E:/J2EE/BE-J2EE/src/main/java/com/j2ee/carbooking/service/WalletService.java:[72,11] cannot find symbol
  symbol:   method setStatus(com.j2ee.carbooking.enums.TransactionStatus)
  location: variable tx of type com.j2ee.carbooking.model.WalletTransaction
[ERROR] /E:/J2EE/BE-J2EE/src/main/java/com/j2ee/carbooking/service/WalletService.java:[76,59] cannot find symbol
  symbol:   method getFullName()
  location: variable user of type com.j2ee.carbooking.model.User
[ERROR] /E:/J2EE/BE-J2EE/src/main/java/com/j2ee/carbooking/service/WalletService.java:[77,30] cannot find symbol
  symbol:   method getAmount()
  location: variable request of type com.j2ee.carbooking.dto.request.DepositWalletRequest
[ERROR] /E:/J2EE/BE-J2EE/src/main/java/com/j2ee/carbooking/service/WalletService.java:[103,15] cannot find symbol
  symbol:   method setStatus(com.j2ee.carbooking.enums.TransactionStatus)
  location: variable tx of type com.j2ee.carbooking.model.WalletTransaction
[ERROR] /E:/J2EE/BE-J2EE/src/main/java/com/j2ee/carbooking/service/WalletService.java:[111,51] cannot find symbol
  symbol:   method getUserId()
  location: variable tx of type com.j2ee.carbooking.model.WalletTransaction
[ERROR] /E:/J2EE/BE-J2EE/src/main/java/com/j2ee/carbooking/service/WalletService.java:[114,37] cannot find symbol
  symbol:   method getWalletBalance()
  location: variable user of type com.j2ee.carbooking.model.User
[ERROR] /E:/J2EE/BE-J2EE/src/main/java/com/j2ee/carbooking/service/WalletService.java:[114,61] cannot find symbol
  symbol:   method getAmount()
  location: variable tx of type com.j2ee.carbooking.model.WalletTransaction
[ERROR] /E:/J2EE/BE-J2EE/src/main/java/com/j2ee/carbooking/service/WalletService.java:[115,17] cannot find symbol
  symbol:   method setWalletBalance(double)
  location: variable user of type com.j2ee.carbooking.model.User
[ERROR] /E:/J2EE/BE-J2EE/src/main/java/com/j2ee/carbooking/service/WalletService.java:[119,15] cannot find symbol
  symbol:   method setBalanceAfter(double)
  location: variable tx of type com.j2ee.carbooking.model.WalletTransaction
[ERROR] /E:/J2EE/BE-J2EE/src/main/java/com/j2ee/carbooking/service/WalletService.java:[120,15] cannot find symbol
  symbol:   method setStatus(com.j2ee.carbooking.enums.TransactionStatus)
  location: variable tx of type com.j2ee.carbooking.model.WalletTransaction
[ERROR] /E:/J2EE/BE-J2EE/src/main/java/com/j2ee/carbooking/service/WalletService.java:[128,48] cannot find symbol
  symbol:   method getAmount()
  location: variable tx of type com.j2ee.carbooking.model.WalletTransaction
[ERROR] /E:/J2EE/BE-J2EE/src/main/java/com/j2ee/carbooking/service/WalletService.java:[125,21] cannot find symbol
  symbol:   method getId()
  location: variable user of type com.j2ee.carbooking.model.User
[ERROR] /E:/J2EE/BE-J2EE/src/main/java/com/j2ee/carbooking/service/WalletService.java:[131,19] cannot find symbol
  symbol:   method getId()
  location: variable tx of type com.j2ee.carbooking.model.WalletTransaction
[ERROR] /E:/J2EE/BE-J2EE/src/main/java/com/j2ee/carbooking/service/WalletService.java:[137,36] cannot find symbol
  symbol:   method getDescription()
  location: variable tx of type com.j2ee.carbooking.model.WalletTransaction
[ERROR] /E:/J2EE/BE-J2EE/src/main/java/com/j2ee/carbooking/service/WalletService.java:[147,59] cannot find symbol
  symbol:   method getOrderId()
  location: variable listing of type com.j2ee.carbooking.model.DepositListing
[ERROR] /E:/J2EE/BE-J2EE/src/main/java/com/j2ee/carbooking/service/WalletService.java:[150,65] cannot find symbol
  symbol:   method getVehicleId()
  location: variable listing of type com.j2ee.carbooking.model.DepositListing
[ERROR] /E:/J2EE/BE-J2EE/src/main/java/com/j2ee/carbooking/service/WalletService.java:[153,53] cannot find symbol
  symbol:   method getUserId()
  location: variable tx of type com.j2ee.carbooking.model.WalletTransaction
[ERROR] /E:/J2EE/BE-J2EE/src/main/java/com/j2ee/carbooking/service/WalletService.java:[156,58] cannot find symbol
  symbol:   method getSellerId()
  location: variable listing of type com.j2ee.carbooking.model.DepositListing
[ERROR] /E:/J2EE/BE-J2EE/src/main/java/com/j2ee/carbooking/service/WalletService.java:[159,42] cannot find symbol
  symbol:   method getSellingPrice()
  location: variable listing of type com.j2ee.carbooking.model.DepositListing
[ERROR] /E:/J2EE/BE-J2EE/src/main/java/com/j2ee/carbooking/service/WalletService.java:[162,46] cannot find symbol
  symbol:   method getWalletBalance()
  location: variable buyer of type com.j2ee.carbooking.model.User
[ERROR] /E:/J2EE/BE-J2EE/src/main/java/com/j2ee/carbooking/service/WalletService.java:[163,18] cannot find symbol
  symbol:   method setWalletBalance(double)
  location: variable buyer of type com.j2ee.carbooking.model.User
[ERROR] /E:/J2EE/BE-J2EE/src/main/java/com/j2ee/carbooking/service/WalletService.java:[166,15] cannot find symbol
  symbol:   method setBalanceBefore(double)
  location: variable tx of type com.j2ee.carbooking.model.WalletTransaction
[ERROR] /E:/J2EE/BE-J2EE/src/main/java/com/j2ee/carbooking/service/WalletService.java:[167,37] cannot find symbol
  symbol:   method getWalletBalance()
  location: variable buyer of type com.j2ee.carbooking.model.User
[ERROR] /E:/J2EE/BE-J2EE/src/main/java/com/j2ee/carbooking/service/WalletService.java:[168,15] cannot find symbol
  symbol:   method setStatus(com.j2ee.carbooking.enums.TransactionStatus)
  location: variable tx of type com.j2ee.carbooking.model.WalletTransaction
[ERROR] /E:/J2EE/BE-J2EE/src/main/java/com/j2ee/carbooking/service/WalletService.java:[172,48] cannot find symbol
  symbol:   method getWalletBalance()
  location: variable seller of type com.j2ee.carbooking.model.User
[ERROR] /E:/J2EE/BE-J2EE/src/main/java/com/j2ee/carbooking/service/WalletService.java:[173,19] cannot find symbol
  symbol:   method setWalletBalance(double)
  location: variable seller of type com.j2ee.carbooking.model.User
[ERROR] /E:/J2EE/BE-J2EE/src/main/java/com/j2ee/carbooking/service/WalletService.java:[177,39] cannot find symbol
  symbol:   method getId()
  location: variable seller of type com.j2ee.carbooking.model.User
[ERROR] /E:/J2EE/BE-J2EE/src/main/java/com/j2ee/carbooking/service/WalletService.java:[178,22] cannot find symbol
  symbol:   method setType(com.j2ee.carbooking.enums.TransactionType)
  location: variable txReceive of type com.j2ee.carbooking.model.WalletTransaction
[ERROR] /E:/J2EE/BE-J2EE/src/main/java/com/j2ee/carbooking/service/WalletService.java:[179,22] cannot find symbol
  symbol:   method setAmount(double)
  location: variable txReceive of type com.j2ee.carbooking.model.WalletTransaction
[ERROR] /E:/J2EE/BE-J2EE/src/main/java/com/j2ee/carbooking/service/WalletService.java:[180,22] cannot find symbol
  symbol:   method setBalanceBefore(double)
  location: variable txReceive of type com.j2ee.carbooking.model.WalletTransaction
[ERROR] /E:/J2EE/BE-J2EE/src/main/java/com/j2ee/carbooking/service/WalletService.java:[181,45] cannot find symbol
  symbol:   method getWalletBalance()
  location: variable seller of type com.j2ee.carbooking.model.User
[ERROR] /E:/J2EE/BE-J2EE/src/main/java/com/j2ee/carbooking/service/WalletService.java:[182,22] cannot find symbol
  symbol:   method setRefType(java.lang.String)
  location: variable txReceive of type com.j2ee.carbooking.model.WalletTransaction
[ERROR] /E:/J2EE/BE-J2EE/src/main/java/com/j2ee/carbooking/service/WalletService.java:[183,39] cannot find symbol
  symbol:   method getId()
  location: variable listing of type com.j2ee.carbooking.model.DepositListing
[ERROR] /E:/J2EE/BE-J2EE/src/main/java/com/j2ee/carbooking/service/WalletService.java:[184,76] cannot find symbol
  symbol:   method getName()
  location: variable vehicle of type com.j2ee.carbooking.model.Vehicle
[ERROR] /E:/J2EE/BE-J2EE/src/main/java/com/j2ee/carbooking/service/WalletService.java:[185,22] cannot find symbol
  symbol:   method setStatus(com.j2ee.carbooking.enums.TransactionStatus)
  location: variable txReceive of type com.j2ee.carbooking.model.WalletTransaction
[ERROR] /E:/J2EE/BE-J2EE/src/main/java/com/j2ee/carbooking/service/WalletService.java:[208,36] cannot find symbol
  symbol:   method getWalletBalance()
  location: variable user of type com.j2ee.carbooking.model.User
[ERROR] /E:/J2EE/BE-J2EE/src/main/java/com/j2ee/carbooking/service/WalletService.java:[210,13] cannot find symbol
  symbol:   method setWalletBalance(double)
  location: variable user of type com.j2ee.carbooking.model.User
[ERROR] /E:/J2EE/BE-J2EE/src/main/java/com/j2ee/carbooking/service/WalletService.java:[215,11] cannot find symbol
  symbol:   method setUserId(java.lang.String)
  location: variable tx of type com.j2ee.carbooking.model.WalletTransaction
[ERROR] /E:/J2EE/BE-J2EE/src/main/java/com/j2ee/carbooking/service/WalletService.java:[216,11] cannot find symbol
  symbol:   method setType(com.j2ee.carbooking.enums.TransactionType)
  location: variable tx of type com.j2ee.carbooking.model.WalletTransaction
[ERROR] /E:/J2EE/BE-J2EE/src/main/java/com/j2ee/carbooking/service/WalletService.java:[217,11] cannot find symbol
  symbol:   method setAmount(java.lang.Double)
  location: variable tx of type com.j2ee.carbooking.model.WalletTransaction
[ERROR] /E:/J2EE/BE-J2EE/src/main/java/com/j2ee/carbooking/service/WalletService.java:[218,11] cannot find symbol
  symbol:   method setBalanceBefore(double)
  location: variable tx of type com.j2ee.carbooking.model.WalletTransaction
[ERROR] /E:/J2EE/BE-J2EE/src/main/java/com/j2ee/carbooking/service/WalletService.java:[219,11] cannot find symbol
  symbol:   method setBalanceAfter(double)
  location: variable tx of type com.j2ee.carbooking.model.WalletTransaction
[ERROR] /E:/J2EE/BE-J2EE/src/main/java/com/j2ee/carbooking/service/WalletService.java:[220,11] cannot find symbol
  symbol:   method setRefType(java.lang.String)
  location: variable tx of type com.j2ee.carbooking.model.WalletTransaction
[ERROR] /E:/J2EE/BE-J2EE/src/main/java/com/j2ee/carbooking/service/WalletService.java:[221,11] cannot find symbol
  symbol:   method setRefId(java.lang.String)
  location: variable tx of type com.j2ee.carbooking.model.WalletTransaction
[ERROR] /E:/J2EE/BE-J2EE/src/main/java/com/j2ee/carbooking/service/WalletService.java:[222,11] cannot find symbol
  symbol:   method setDescription(java.lang.String)
  location: variable tx of type com.j2ee.carbooking.model.WalletTransaction
[ERROR] /E:/J2EE/BE-J2EE/src/main/java/com/j2ee/carbooking/service/WalletService.java:[223,11] cannot find symbol
  symbol:   method setStatus(com.j2ee.carbooking.enums.TransactionStatus)
  location: variable tx of type com.j2ee.carbooking.model.WalletTransaction
[ERROR] /E:/J2EE/BE-J2EE/src/main/java/com/j2ee/carbooking/service/WalletService.java:[228,17] cannot find symbol
  symbol:   method getId()
  location: variable user of type com.j2ee.carbooking.model.User
[ERROR] /E:/J2EE/BE-J2EE/src/main/java/com/j2ee/carbooking/service/WalletService.java:[243,20] cannot find symbol
  symbol:   method getWalletBalance()
  location: variable user of type com.j2ee.carbooking.model.User
[ERROR] /E:/J2EE/BE-J2EE/src/main/java/com/j2ee/carbooking/service/NotificationService.java:[22,21] cannot find symbol
  symbol:   method setUserId(java.lang.String)
  location: variable notification of type com.j2ee.carbooking.model.Notification
[ERROR] /E:/J2EE/BE-J2EE/src/main/java/com/j2ee/carbooking/service/NotificationService.java:[23,21] cannot find symbol
  symbol:   method setTitle(java.lang.String)
  location: variable notification of type com.j2ee.carbooking.model.Notification
[ERROR] /E:/J2EE/BE-J2EE/src/main/java/com/j2ee/carbooking/service/NotificationService.java:[24,21] cannot find symbol
  symbol:   method setMessage(java.lang.String)
  location: variable notification of type com.j2ee.carbooking.model.Notification
[ERROR] /E:/J2EE/BE-J2EE/src/main/java/com/j2ee/carbooking/service/NotificationService.java:[25,21] cannot find symbol
  symbol:   method setType(com.j2ee.carbooking.enums.NotificationType)
  location: variable notification of type com.j2ee.carbooking.model.Notification
[ERROR] /E:/J2EE/BE-J2EE/src/main/java/com/j2ee/carbooking/service/NotificationService.java:[26,21] cannot find symbol
  symbol:   method setRefId(java.lang.String)
  location: variable notification of type com.j2ee.carbooking.model.Notification
[ERROR] /E:/J2EE/BE-J2EE/src/main/java/com/j2ee/carbooking/service/NotificationService.java:[27,21] cannot find symbol
  symbol:   method setIsRead(boolean)
  location: variable notification of type com.j2ee.carbooking.model.Notification
[ERROR] /E:/J2EE/BE-J2EE/src/main/java/com/j2ee/carbooking/service/NotificationService.java:[44,14] cannot find symbol
  symbol:   method setIsRead(boolean)
  location: variable n of type com.j2ee.carbooking.model.Notification
[ERROR] /E:/J2EE/BE-J2EE/src/main/java/com/j2ee/carbooking/service/NotificationService.java:[53,28] cannot find symbol
  symbol:   method setIsRead(boolean)
  location: variable n of type com.j2ee.carbooking.model.Notification
[ERROR] /E:/J2EE/BE-J2EE/src/main/java/com/j2ee/carbooking/service/DepositListingService.java:[38,55] cannot find symbol
  symbol:   method getOrderId()
  location: variable request of type com.j2ee.carbooking.dto.request.CreateDepositListingRequest
[ERROR] /E:/J2EE/BE-J2EE/src/main/java/com/j2ee/carbooking/service/DepositListingService.java:[42,19] cannot find symbol
  symbol:   method getUserId()
  location: variable order of type com.j2ee.carbooking.model.Order
[ERROR] /E:/J2EE/BE-J2EE/src/main/java/com/j2ee/carbooking/service/DepositListingService.java:[47,18] cannot find symbol
  symbol:   method getStatus()
  location: variable order of type com.j2ee.carbooking.model.Order
[ERROR] /E:/J2EE/BE-J2EE/src/main/java/com/j2ee/carbooking/service/DepositListingService.java:[48,25] cannot find symbol
  symbol:   method getStatus()
  location: variable order of type com.j2ee.carbooking.model.Order
[ERROR] /E:/J2EE/BE-J2EE/src/main/java/com/j2ee/carbooking/service/DepositListingService.java:[54,39] cannot find symbol
  symbol:   method getStartDate()
  location: variable order of type com.j2ee.carbooking.model.Order
[ERROR] /E:/J2EE/BE-J2EE/src/main/java/com/j2ee/carbooking/service/DepositListingService.java:[65,24] cannot find symbol
  symbol:   method getOrderId()
  location: variable request of type com.j2ee.carbooking.dto.request.CreateDepositListingRequest
[ERROR] /E:/J2EE/BE-J2EE/src/main/java/com/j2ee/carbooking/service/DepositListingService.java:[73,59] cannot find symbol
  symbol:   method getVehicleId()
  location: variable order of type com.j2ee.carbooking.model.Order
[ERROR] /E:/J2EE/BE-J2EE/src/main/java/com/j2ee/carbooking/service/DepositListingService.java:[77,39] cannot find symbol
  symbol:   method getDepositAmount()
  location: variable order of type com.j2ee.carbooking.model.Order
[ERROR] /E:/J2EE/BE-J2EE/src/main/java/com/j2ee/carbooking/service/DepositListingService.java:[82,40] cannot find symbol
  symbol:   method getStartDate()
  location: variable order of type com.j2ee.carbooking.model.Order
[ERROR] /E:/J2EE/BE-J2EE/src/main/java/com/j2ee/carbooking/service/DepositListingService.java:[86,16] cannot find symbol
  symbol:   method setSellerId(java.lang.String)
  location: variable listing of type com.j2ee.carbooking.model.DepositListing
[ERROR] /E:/J2EE/BE-J2EE/src/main/java/com/j2ee/carbooking/service/DepositListingService.java:[87,33] cannot find symbol
  symbol:   method getId()
  location: variable order of type com.j2ee.carbooking.model.Order
[ERROR] /E:/J2EE/BE-J2EE/src/main/java/com/j2ee/carbooking/service/DepositListingService.java:[88,37] cannot find symbol
  symbol:   method getId()
  location: variable vehicle of type com.j2ee.carbooking.model.Vehicle
[ERROR] /E:/J2EE/BE-J2EE/src/main/java/com/j2ee/carbooking/service/DepositListingService.java:[89,16] cannot find symbol
  symbol:   method setOriginalDeposit(double)
  location: variable listing of type com.j2ee.carbooking.model.DepositListing
[ERROR] /E:/J2EE/BE-J2EE/src/main/java/com/j2ee/carbooking/service/DepositListingService.java:[90,16] cannot find symbol
  symbol:   method setSellingPrice(double)
  location: variable listing of type com.j2ee.carbooking.model.DepositListing
[ERROR] /E:/J2EE/BE-J2EE/src/main/java/com/j2ee/carbooking/service/DepositListingService.java:[91,16] cannot find symbol
  symbol:   method setPlatformFee(double)
  location: variable listing of type com.j2ee.carbooking.model.DepositListing
[ERROR] /E:/J2EE/BE-J2EE/src/main/java/com/j2ee/carbooking/service/DepositListingService.java:[92,16] cannot find symbol
  symbol:   method setExpiredAt(java.time.LocalDateTime)
  location: variable listing of type com.j2ee.carbooking.model.DepositListing
[ERROR] /E:/J2EE/BE-J2EE/src/main/java/com/j2ee/carbooking/service/DepositListingService.java:[93,16] cannot find symbol
  symbol:   method setStatus(com.j2ee.carbooking.enums.DepositListingStatus)
  location: variable listing of type com.j2ee.carbooking.model.DepositListing
[ERROR] /E:/J2EE/BE-J2EE/src/main/java/com/j2ee/carbooking/service/DepositListingService.java:[101,37] cannot find symbol
  symbol:   method getName()
  location: variable vehicle of type com.j2ee.carbooking.model.Vehicle
[ERROR] /E:/J2EE/BE-J2EE/src/main/java/com/j2ee/carbooking/service/DepositListingService.java:[102,36] cannot find symbol
  symbol:   method getStartDate()
  location: variable order of type com.j2ee.carbooking.model.Order
[ERROR] /E:/J2EE/BE-J2EE/src/main/java/com/j2ee/carbooking/service/DepositListingService.java:[104,20] cannot find symbol
  symbol:   method getId()
  location: variable listing of type com.j2ee.carbooking.model.DepositListing
[ERROR] /E:/J2EE/BE-J2EE/src/main/java/com/j2ee/carbooking/service/DepositListingService.java:[126,38] cannot find symbol
  symbol:   method getVehicleId()
  location: variable listing of type com.j2ee.carbooking.model.DepositListing
[ERROR] /E:/J2EE/BE-J2EE/src/main/java/com/j2ee/carbooking/service/DepositListingService.java:[130,38] cannot find symbol
  symbol:   method getOrderId()
  location: variable listing of type com.j2ee.carbooking.model.DepositListing
[ERROR] /E:/J2EE/BE-J2EE/src/main/java/com/j2ee/carbooking/service/DepositListingService.java:[151,21] cannot find symbol
  symbol:   method getSellerId()
  location: variable listing of type com.j2ee.carbooking.model.DepositListing
[ERROR] /E:/J2EE/BE-J2EE/src/main/java/com/j2ee/carbooking/service/DepositListingService.java:[156,20] cannot find symbol
  symbol:   method getStatus()
  location: variable listing of type com.j2ee.carbooking.model.DepositListing
[ERROR] /E:/J2EE/BE-J2EE/src/main/java/com/j2ee/carbooking/service/DepositListingService.java:[162,16] cannot find symbol
  symbol:   method setStatus(com.j2ee.carbooking.enums.DepositListingStatus)
  location: variable listing of type com.j2ee.carbooking.model.DepositListing
[ERROR] /E:/J2EE/BE-J2EE/src/main/java/com/j2ee/carbooking/service/DepositListingService.java:[166,61] cannot find symbol
  symbol:   method getVehicleId()
  location: variable listing of type com.j2ee.carbooking.model.DepositListing
[ERROR] /E:/J2EE/BE-J2EE/src/main/java/com/j2ee/carbooking/service/DepositListingService.java:[168,55] cannot find symbol
  symbol:   method getName()
  location: variable vehicle of type com.j2ee.carbooking.model.Vehicle
[ERROR] /E:/J2EE/BE-J2EE/src/main/java/com/j2ee/carbooking/service/DepositListingService.java:[189,30] cannot find symbol
  symbol:   method getListingId()
  location: variable request of type com.j2ee.carbooking.dto.request.BuyDepositListingRequest
[ERROR] /E:/J2EE/BE-J2EE/src/main/java/com/j2ee/carbooking/service/DepositListingService.java:[193,20] cannot find symbol
  symbol:   method getStatus()
  location: variable listing of type com.j2ee.carbooking.model.DepositListing
[ERROR] /E:/J2EE/BE-J2EE/src/main/java/com/j2ee/carbooking/service/DepositListingService.java:[198,48] cannot find symbol
  symbol:   method getExpiredAt()
  location: variable listing of type com.j2ee.carbooking.model.DepositListing
[ERROR] /E:/J2EE/BE-J2EE/src/main/java/com/j2ee/carbooking/service/DepositListingService.java:[203,20] cannot find symbol
  symbol:   method getSellerId()
  location: variable listing of type com.j2ee.carbooking.model.DepositListing
[INFO] 100 errors 
[INFO] -------------------------------------------------------------
[INFO] ------------------------------------------------------------------------
[INFO] BUILD FAILURE
[INFO] ------------------------------------------------------------------------
[INFO] Total time:  3.683 s
[INFO] Finished at: 2026-03-23T03:08:07+07:00
[INFO] ------------------------------------------------------------------------
[ERROR] Failed to execute goal org.apache.maven.plugins:maven-compiler-plugin:3.11.0:compile (default-compile) on project carbooking: Compilation failure: Compilation failure: 
[ERROR] /E:/J2EE/BE-J2EE/src/main/java/com/j2ee/carbooking/security/UserDetailsServiceImpl.java:[26,17] cannot find symbol
[ERROR]   symbol:   method getId()
[ERROR]   location: variable user of type com.j2ee.carbooking.model.User
[ERROR] /E:/J2EE/BE-J2EE/src/main/java/com/j2ee/carbooking/security/UserDetailsServiceImpl.java:[27,17] cannot find symbol
[ERROR]   symbol:   method getPassword()
[ERROR]   location: variable user of type com.j2ee.carbooking.model.User
[ERROR] /E:/J2EE/BE-J2EE/src/main/java/com/j2ee/carbooking/security/UserDetailsServiceImpl.java:[27,46] cannot find symbol
[ERROR]   symbol:   method getPassword()
[ERROR]   location: variable user of type com.j2ee.carbooking.model.User
[ERROR] /E:/J2EE/BE-J2EE/src/main/java/com/j2ee/carbooking/security/UserDetailsServiceImpl.java:[28,62] cannot find symbol
[ERROR]   symbol:   method getRole()
[ERROR]   location: variable user of type com.j2ee.carbooking.model.User
[ERROR] /E:/J2EE/BE-J2EE/src/main/java/com/j2ee/carbooking/controller/WalletController.java:[28,38] cannot find symbol
[ERROR]   symbol:   method createDeposit(java.lang.String,com.j2ee.carbooking.dto.request.DepositWalletRequest)
[ERROR]   location: variable walletService of type com.j2ee.carbooking.service.WalletService
[ERROR] /E:/J2EE/BE-J2EE/src/main/java/com/j2ee/carbooking/service/WalletService.java:[64,11] cannot find symbol
[ERROR]   symbol:   method setUserId(java.lang.String)
[ERROR]   location: variable tx of type com.j2ee.carbooking.model.WalletTransaction
[ERROR] /E:/J2EE/BE-J2EE/src/main/java/com/j2ee/carbooking/service/WalletService.java:[65,11] cannot find symbol
[ERROR]   symbol:   method setType(com.j2ee.carbooking.enums.TransactionType)
[ERROR]   location: variable tx of type com.j2ee.carbooking.model.WalletTransaction
[ERROR] /E:/J2EE/BE-J2EE/src/main/java/com/j2ee/carbooking/service/WalletService.java:[66,29] cannot find symbol
[ERROR]   symbol:   method getAmount()
[ERROR]   location: variable request of type com.j2ee.carbooking.dto.request.DepositWalletRequest
[ERROR] /E:/J2EE/BE-J2EE/src/main/java/com/j2ee/carbooking/service/WalletService.java:[67,33] cannot find symbol
[ERROR]   symbol:   method getWalletBalance()
[ERROR]   location: variable user of type com.j2ee.carbooking.model.User
[ERROR] /E:/J2EE/BE-J2EE/src/main/java/com/j2ee/carbooking/service/WalletService.java:[68,32] cannot find symbol
[ERROR]   symbol:   method getWalletBalance()
[ERROR]   location: variable user of type com.j2ee.carbooking.model.User
[ERROR] /E:/J2EE/BE-J2EE/src/main/java/com/j2ee/carbooking/service/WalletService.java:[69,11] cannot find symbol
[ERROR]   symbol:   method setRefType(java.lang.String)
[ERROR]   location: variable tx of type com.j2ee.carbooking.model.WalletTransaction
[ERROR] /E:/J2EE/BE-J2EE/src/main/java/com/j2ee/carbooking/service/WalletService.java:[70,11] cannot find symbol
[ERROR]   symbol:   method setRefId(java.lang.String)
[ERROR]   location: variable tx of type com.j2ee.carbooking.model.WalletTransaction
[ERROR] /E:/J2EE/BE-J2EE/src/main/java/com/j2ee/carbooking/service/WalletService.java:[71,11] cannot find symbol
[ERROR]   symbol:   method setDescription(java.lang.String)
[ERROR]   location: variable tx of type com.j2ee.carbooking.model.WalletTransaction
[ERROR] /E:/J2EE/BE-J2EE/src/main/java/com/j2ee/carbooking/service/WalletService.java:[72,11] cannot find symbol
[ERROR]   symbol:   method setStatus(com.j2ee.carbooking.enums.TransactionStatus)
[ERROR]   location: variable tx of type com.j2ee.carbooking.model.WalletTransaction
[ERROR] /E:/J2EE/BE-J2EE/src/main/java/com/j2ee/carbooking/service/WalletService.java:[76,59] cannot find symbol
[ERROR]   symbol:   method getFullName()
[ERROR]   location: variable user of type com.j2ee.carbooking.model.User
[ERROR] /E:/J2EE/BE-J2EE/src/main/java/com/j2ee/carbooking/service/WalletService.java:[77,30] cannot find symbol
[ERROR]   symbol:   method getAmount()
[ERROR]   location: variable request of type com.j2ee.carbooking.dto.request.DepositWalletRequest
[ERROR] /E:/J2EE/BE-J2EE/src/main/java/com/j2ee/carbooking/service/WalletService.java:[103,15] cannot find symbol
[ERROR]   symbol:   method setStatus(com.j2ee.carbooking.enums.TransactionStatus)
[ERROR]   location: variable tx of type com.j2ee.carbooking.model.WalletTransaction
[ERROR] /E:/J2EE/BE-J2EE/src/main/java/com/j2ee/carbooking/service/WalletService.java:[111,51] cannot find symbol
[ERROR]   symbol:   method getUserId()
[ERROR]   location: variable tx of type com.j2ee.carbooking.model.WalletTransaction
[ERROR] /E:/J2EE/BE-J2EE/src/main/java/com/j2ee/carbooking/service/WalletService.java:[114,37] cannot find symbol
[ERROR]   symbol:   method getWalletBalance()
[ERROR]   location: variable user of type com.j2ee.carbooking.model.User
[ERROR] /E:/J2EE/BE-J2EE/src/main/java/com/j2ee/carbooking/service/WalletService.java:[114,61] cannot find symbol
[ERROR]   symbol:   method getAmount()
[ERROR]   location: variable tx of type com.j2ee.carbooking.model.WalletTransaction
[ERROR] /E:/J2EE/BE-J2EE/src/main/java/com/j2ee/carbooking/service/WalletService.java:[115,17] cannot find symbol
[ERROR]   symbol:   method setWalletBalance(double)
[ERROR]   location: variable user of type com.j2ee.carbooking.model.User
[ERROR] /E:/J2EE/BE-J2EE/src/main/java/com/j2ee/carbooking/service/WalletService.java:[119,15] cannot find symbol
[ERROR]   symbol:   method setBalanceAfter(double)
[ERROR]   location: variable tx of type com.j2ee.carbooking.model.WalletTransaction
[ERROR] /E:/J2EE/BE-J2EE/src/main/java/com/j2ee/carbooking/service/WalletService.java:[120,15] cannot find symbol
[ERROR]   symbol:   method setStatus(com.j2ee.carbooking.enums.TransactionStatus)
[ERROR]   location: variable tx of type com.j2ee.carbooking.model.WalletTransaction
[ERROR] /E:/J2EE/BE-J2EE/src/main/java/com/j2ee/carbooking/service/WalletService.java:[128,48] cannot find symbol
[ERROR]   symbol:   method getAmount()
[ERROR]   location: variable tx of type com.j2ee.carbooking.model.WalletTransaction
[ERROR] /E:/J2EE/BE-J2EE/src/main/java/com/j2ee/carbooking/service/WalletService.java:[125,21] cannot find symbol
[ERROR]   symbol:   method getId()
[ERROR]   location: variable user of type com.j2ee.carbooking.model.User
[ERROR] /E:/J2EE/BE-J2EE/src/main/java/com/j2ee/carbooking/service/WalletService.java:[131,19] cannot find symbol
[ERROR]   symbol:   method getId()
[ERROR]   location: variable tx of type com.j2ee.carbooking.model.WalletTransaction
[ERROR] /E:/J2EE/BE-J2EE/src/main/java/com/j2ee/carbooking/service/WalletService.java:[137,36] cannot find symbol
[ERROR]   symbol:   method getDescription()
[ERROR]   location: variable tx of type com.j2ee.carbooking.model.WalletTransaction
[ERROR] /E:/J2EE/BE-J2EE/src/main/java/com/j2ee/carbooking/service/WalletService.java:[147,59] cannot find symbol
[ERROR]   symbol:   method getOrderId()
[ERROR]   location: variable listing of type com.j2ee.carbooking.model.DepositListing
[ERROR] /E:/J2EE/BE-J2EE/src/main/java/com/j2ee/carbooking/service/WalletService.java:[150,65] cannot find symbol
[ERROR]   symbol:   method getVehicleId()
[ERROR]   location: variable listing of type com.j2ee.carbooking.model.DepositListing
[ERROR] /E:/J2EE/BE-J2EE/src/main/java/com/j2ee/carbooking/service/WalletService.java:[153,53] cannot find symbol
[ERROR]   symbol:   method getUserId()
[ERROR]   location: variable tx of type com.j2ee.carbooking.model.WalletTransaction
[ERROR] /E:/J2EE/BE-J2EE/src/main/java/com/j2ee/carbooking/service/WalletService.java:[156,58] cannot find symbol
[ERROR]   symbol:   method getSellerId()
[ERROR]   location: variable listing of type com.j2ee.carbooking.model.DepositListing
[ERROR] /E:/J2EE/BE-J2EE/src/main/java/com/j2ee/carbooking/service/WalletService.java:[159,42] cannot find symbol
[ERROR]   symbol:   method getSellingPrice()
[ERROR]   location: variable listing of type com.j2ee.carbooking.model.DepositListing
[ERROR] /E:/J2EE/BE-J2EE/src/main/java/com/j2ee/carbooking/service/WalletService.java:[162,46] cannot find symbol
[ERROR]   symbol:   method getWalletBalance()
[ERROR]   location: variable buyer of type com.j2ee.carbooking.model.User
[ERROR] /E:/J2EE/BE-J2EE/src/main/java/com/j2ee/carbooking/service/WalletService.java:[163,18] cannot find symbol
[ERROR]   symbol:   method setWalletBalance(double)
[ERROR]   location: variable buyer of type com.j2ee.carbooking.model.User
[ERROR] /E:/J2EE/BE-J2EE/src/main/java/com/j2ee/carbooking/service/WalletService.java:[166,15] cannot find symbol
[ERROR]   symbol:   method setBalanceBefore(double)
[ERROR]   location: variable tx of type com.j2ee.carbooking.model.WalletTransaction
[ERROR] /E:/J2EE/BE-J2EE/src/main/java/com/j2ee/carbooking/service/WalletService.java:[167,37] cannot find symbol
[ERROR]   symbol:   method getWalletBalance()
[ERROR]   location: variable buyer of type com.j2ee.carbooking.model.User
[ERROR] /E:/J2EE/BE-J2EE/src/main/java/com/j2ee/carbooking/service/WalletService.java:[168,15] cannot find symbol
[ERROR]   symbol:   method setStatus(com.j2ee.carbooking.enums.TransactionStatus)
[ERROR]   location: variable tx of type com.j2ee.carbooking.model.WalletTransaction
[ERROR] /E:/J2EE/BE-J2EE/src/main/java/com/j2ee/carbooking/service/WalletService.java:[172,48] cannot find symbol
[ERROR]   symbol:   method getWalletBalance()
[ERROR]   location: variable seller of type com.j2ee.carbooking.model.User
[ERROR] /E:/J2EE/BE-J2EE/src/main/java/com/j2ee/carbooking/service/WalletService.java:[173,19] cannot find symbol
[ERROR]   symbol:   method setWalletBalance(double)
[ERROR]   location: variable seller of type com.j2ee.carbooking.model.User
[ERROR] /E:/J2EE/BE-J2EE/src/main/java/com/j2ee/carbooking/service/WalletService.java:[177,39] cannot find symbol
[ERROR]   symbol:   method getId()
[ERROR]   location: variable seller of type com.j2ee.carbooking.model.User
[ERROR] /E:/J2EE/BE-J2EE/src/main/java/com/j2ee/carbooking/service/WalletService.java:[178,22] cannot find symbol
[ERROR]   symbol:   method setType(com.j2ee.carbooking.enums.TransactionType)
[ERROR]   location: variable txReceive of type com.j2ee.carbooking.model.WalletTransaction
[ERROR] /E:/J2EE/BE-J2EE/src/main/java/com/j2ee/carbooking/service/WalletService.java:[179,22] cannot find symbol
[ERROR]   symbol:   method setAmount(double)
[ERROR]   location: variable txReceive of type com.j2ee.carbooking.model.WalletTransaction
[ERROR] /E:/J2EE/BE-J2EE/src/main/java/com/j2ee/carbooking/service/WalletService.java:[180,22] cannot find symbol
[ERROR]   symbol:   method setBalanceBefore(double)
[ERROR]   location: variable txReceive of type com.j2ee.carbooking.model.WalletTransaction
[ERROR] /E:/J2EE/BE-J2EE/src/main/java/com/j2ee/carbooking/service/WalletService.java:[181,45] cannot find symbol
[ERROR]   symbol:   method getWalletBalance()
[ERROR]   location: variable seller of type com.j2ee.carbooking.model.User
[ERROR] /E:/J2EE/BE-J2EE/src/main/java/com/j2ee/carbooking/service/WalletService.java:[182,22] cannot find symbol
[ERROR]   symbol:   method setRefType(java.lang.String)
[ERROR]   location: variable txReceive of type com.j2ee.carbooking.model.WalletTransaction
[ERROR] /E:/J2EE/BE-J2EE/src/main/java/com/j2ee/carbooking/service/WalletService.java:[183,39] cannot find symbol
[ERROR]   symbol:   method getId()
[ERROR]   location: variable listing of type com.j2ee.carbooking.model.DepositListing
[ERROR] /E:/J2EE/BE-J2EE/src/main/java/com/j2ee/carbooking/service/WalletService.java:[184,76] cannot find symbol
[ERROR]   symbol:   method getName()
[ERROR]   location: variable vehicle of type com.j2ee.carbooking.model.Vehicle
[ERROR] /E:/J2EE/BE-J2EE/src/main/java/com/j2ee/carbooking/service/WalletService.java:[185,22] cannot find symbol
[ERROR]   symbol:   method setStatus(com.j2ee.carbooking.enums.TransactionStatus)
[ERROR]   location: variable txReceive of type com.j2ee.carbooking.model.WalletTransaction
[ERROR] /E:/J2EE/BE-J2EE/src/main/java/com/j2ee/carbooking/service/WalletService.java:[208,36] cannot find symbol
[ERROR]   symbol:   method getWalletBalance()
[ERROR]   location: variable user of type com.j2ee.carbooking.model.User
[ERROR] /E:/J2EE/BE-J2EE/src/main/java/com/j2ee/carbooking/service/WalletService.java:[210,13] cannot find symbol
[ERROR]   symbol:   method setWalletBalance(double)
[ERROR]   location: variable user of type com.j2ee.carbooking.model.User
[ERROR] /E:/J2EE/BE-J2EE/src/main/java/com/j2ee/carbooking/service/WalletService.java:[215,11] cannot find symbol
[ERROR]   symbol:   method setUserId(java.lang.String)
[ERROR]   location: variable tx of type com.j2ee.carbooking.model.WalletTransaction
[ERROR] /E:/J2EE/BE-J2EE/src/main/java/com/j2ee/carbooking/service/WalletService.java:[216,11] cannot find symbol
[ERROR]   symbol:   method setType(com.j2ee.carbooking.enums.TransactionType)
[ERROR]   location: variable tx of type com.j2ee.carbooking.model.WalletTransaction
[ERROR] /E:/J2EE/BE-J2EE/src/main/java/com/j2ee/carbooking/service/WalletService.java:[217,11] cannot find symbol
[ERROR]   symbol:   method setAmount(java.lang.Double)
[ERROR]   location: variable tx of type com.j2ee.carbooking.model.WalletTransaction
[ERROR] /E:/J2EE/BE-J2EE/src/main/java/com/j2ee/carbooking/service/WalletService.java:[218,11] cannot find symbol
[ERROR]   symbol:   method setBalanceBefore(double)
[ERROR]   location: variable tx of type com.j2ee.carbooking.model.WalletTransaction
[ERROR] /E:/J2EE/BE-J2EE/src/main/java/com/j2ee/carbooking/service/WalletService.java:[219,11] cannot find symbol
[ERROR]   symbol:   method setBalanceAfter(double)
[ERROR]   location: variable tx of type com.j2ee.carbooking.model.WalletTransaction
[ERROR] /E:/J2EE/BE-J2EE/src/main/java/com/j2ee/carbooking/service/WalletService.java:[220,11] cannot find symbol
[ERROR]   symbol:   method setRefType(java.lang.String)
[ERROR]   location: variable tx of type com.j2ee.carbooking.model.WalletTransaction
[ERROR] /E:/J2EE/BE-J2EE/src/main/java/com/j2ee/carbooking/service/WalletService.java:[221,11] cannot find symbol
[ERROR]   symbol:   method setRefId(java.lang.String)
[ERROR]   location: variable tx of type com.j2ee.carbooking.model.WalletTransaction
[ERROR] /E:/J2EE/BE-J2EE/src/main/java/com/j2ee/carbooking/service/WalletService.java:[222,11] cannot find symbol
[ERROR]   symbol:   method setDescription(java.lang.String)
[ERROR]   location: variable tx of type com.j2ee.carbooking.model.WalletTransaction
[ERROR] /E:/J2EE/BE-J2EE/src/main/java/com/j2ee/carbooking/service/WalletService.java:[223,11] cannot find symbol
[ERROR]   symbol:   method setStatus(com.j2ee.carbooking.enums.TransactionStatus)
[ERROR]   location: variable tx of type com.j2ee.carbooking.model.WalletTransaction
[ERROR] /E:/J2EE/BE-J2EE/src/main/java/com/j2ee/carbooking/service/WalletService.java:[228,17] cannot find symbol
[ERROR]   symbol:   method getId()
[ERROR]   location: variable user of type com.j2ee.carbooking.model.User
[ERROR] /E:/J2EE/BE-J2EE/src/main/java/com/j2ee/carbooking/service/WalletService.java:[243,20] cannot find symbol
[ERROR]   symbol:   method getWalletBalance()
[ERROR]   location: variable user of type com.j2ee.carbooking.model.User
[ERROR] /E:/J2EE/BE-J2EE/src/main/java/com/j2ee/carbooking/service/NotificationService.java:[22,21] cannot find symbol
[ERROR]   symbol:   method setUserId(java.lang.String)
[ERROR]   location: variable notification of type com.j2ee.carbooking.model.Notification
[ERROR] /E:/J2EE/BE-J2EE/src/main/java/com/j2ee/carbooking/service/NotificationService.java:[23,21] cannot find symbol
[ERROR]   symbol:   method setTitle(java.lang.String)
[ERROR]   location: variable notification of type com.j2ee.carbooking.model.Notification
[ERROR] /E:/J2EE/BE-J2EE/src/main/java/com/j2ee/carbooking/service/NotificationService.java:[24,21] cannot find symbol
[ERROR]   symbol:   method setMessage(java.lang.String)
[ERROR]   location: variable notification of type com.j2ee.carbooking.model.Notification
[ERROR] /E:/J2EE/BE-J2EE/src/main/java/com/j2ee/carbooking/service/NotificationService.java:[25,21] cannot find symbol
[ERROR]   symbol:   method setType(com.j2ee.carbooking.enums.NotificationType)
[ERROR]   location: variable notification of type com.j2ee.carbooking.model.Notification
[ERROR] /E:/J2EE/BE-J2EE/src/main/java/com/j2ee/carbooking/service/NotificationService.java:[26,21] cannot find symbol
[ERROR]   symbol:   method setRefId(java.lang.String)
[ERROR]   location: variable notification of type com.j2ee.carbooking.model.Notification
[ERROR] /E:/J2EE/BE-J2EE/src/main/java/com/j2ee/carbooking/service/NotificationService.java:[27,21] cannot find symbol
[ERROR]   symbol:   method setIsRead(boolean)
[ERROR]   location: variable notification of type com.j2ee.carbooking.model.Notification
[ERROR] /E:/J2EE/BE-J2EE/src/main/java/com/j2ee/carbooking/service/NotificationService.java:[44,14] cannot find symbol
[ERROR]   symbol:   method setIsRead(boolean)
[ERROR]   location: variable n of type com.j2ee.carbooking.model.Notification
[ERROR] /E:/J2EE/BE-J2EE/src/main/java/com/j2ee/carbooking/service/NotificationService.java:[53,28] cannot find symbol
[ERROR]   symbol:   method setIsRead(boolean)
[ERROR]   location: variable n of type com.j2ee.carbooking.model.Notification
[ERROR] /E:/J2EE/BE-J2EE/src/main/java/com/j2ee/carbooking/service/DepositListingService.java:[38,55] cannot find symbol
[ERROR]   symbol:   method getOrderId()
[ERROR]   location: variable request of type com.j2ee.carbooking.dto.request.CreateDepositListingRequest
[ERROR] /E:/J2EE/BE-J2EE/src/main/java/com/j2ee/carbooking/service/DepositListingService.java:[42,19] cannot find symbol
[ERROR]   symbol:   method getUserId()
[ERROR]   location: variable order of type com.j2ee.carbooking.model.Order
[ERROR] /E:/J2EE/BE-J2EE/src/main/java/com/j2ee/carbooking/service/DepositListingService.java:[47,18] cannot find symbol
[ERROR]   symbol:   method getStatus()
[ERROR]   location: variable order of type com.j2ee.carbooking.model.Order
[ERROR] /E:/J2EE/BE-J2EE/src/main/java/com/j2ee/carbooking/service/DepositListingService.java:[48,25] cannot find symbol
[ERROR]   symbol:   method getStatus()
[ERROR]   location: variable order of type com.j2ee.carbooking.model.Order
[ERROR] /E:/J2EE/BE-J2EE/src/main/java/com/j2ee/carbooking/service/DepositListingService.java:[54,39] cannot find symbol
[ERROR]   symbol:   method getStartDate()
[ERROR]   location: variable order of type com.j2ee.carbooking.model.Order
[ERROR] /E:/J2EE/BE-J2EE/src/main/java/com/j2ee/carbooking/service/DepositListingService.java:[65,24] cannot find symbol
[ERROR]   symbol:   method getOrderId()
[ERROR]   location: variable request of type com.j2ee.carbooking.dto.request.CreateDepositListingRequest
[ERROR] /E:/J2EE/BE-J2EE/src/main/java/com/j2ee/carbooking/service/DepositListingService.java:[73,59] cannot find symbol
[ERROR]   symbol:   method getVehicleId()
[ERROR]   location: variable order of type com.j2ee.carbooking.model.Order
[ERROR] /E:/J2EE/BE-J2EE/src/main/java/com/j2ee/carbooking/service/DepositListingService.java:[77,39] cannot find symbol
[ERROR]   symbol:   method getDepositAmount()
[ERROR]   location: variable order of type com.j2ee.carbooking.model.Order
[ERROR] /E:/J2EE/BE-J2EE/src/main/java/com/j2ee/carbooking/service/DepositListingService.java:[82,40] cannot find symbol
[ERROR]   symbol:   method getStartDate()
[ERROR]   location: variable order of type com.j2ee.carbooking.model.Order
[ERROR] /E:/J2EE/BE-J2EE/src/main/java/com/j2ee/carbooking/service/DepositListingService.java:[86,16] cannot find symbol
[ERROR]   symbol:   method setSellerId(java.lang.String)
[ERROR]   location: variable listing of type com.j2ee.carbooking.model.DepositListing
[ERROR] /E:/J2EE/BE-J2EE/src/main/java/com/j2ee/carbooking/service/DepositListingService.java:[87,33] cannot find symbol
[ERROR]   symbol:   method getId()
[ERROR]   location: variable order of type com.j2ee.carbooking.model.Order
[ERROR] /E:/J2EE/BE-J2EE/src/main/java/com/j2ee/carbooking/service/DepositListingService.java:[88,37] cannot find symbol
[ERROR]   symbol:   method getId()
[ERROR]   location: variable vehicle of type com.j2ee.carbooking.model.Vehicle
[ERROR] /E:/J2EE/BE-J2EE/src/main/java/com/j2ee/carbooking/service/DepositListingService.java:[89,16] cannot find symbol
[ERROR]   symbol:   method setOriginalDeposit(double)
[ERROR]   location: variable listing of type com.j2ee.carbooking.model.DepositListing
[ERROR] /E:/J2EE/BE-J2EE/src/main/java/com/j2ee/carbooking/service/DepositListingService.java:[90,16] cannot find symbol
[ERROR]   symbol:   method setSellingPrice(double)
[ERROR]   location: variable listing of type com.j2ee.carbooking.model.DepositListing
[ERROR] /E:/J2EE/BE-J2EE/src/main/java/com/j2ee/carbooking/service/DepositListingService.java:[91,16] cannot find symbol
[ERROR]   symbol:   method setPlatformFee(double)
[ERROR]   location: variable listing of type com.j2ee.carbooking.model.DepositListing
[ERROR] /E:/J2EE/BE-J2EE/src/main/java/com/j2ee/carbooking/service/DepositListingService.java:[92,16] cannot find symbol
[ERROR]   symbol:   method setExpiredAt(java.time.LocalDateTime)
[ERROR]   location: variable listing of type com.j2ee.carbooking.model.DepositListing
[ERROR] /E:/J2EE/BE-J2EE/src/main/java/com/j2ee/carbooking/service/DepositListingService.java:[93,16] cannot find symbol
[ERROR]   symbol:   method setStatus(com.j2ee.carbooking.enums.DepositListingStatus)
[ERROR]   location: variable listing of type com.j2ee.carbooking.model.DepositListing
[ERROR] /E:/J2EE/BE-J2EE/src/main/java/com/j2ee/carbooking/service/DepositListingService.java:[101,37] cannot find symbol
[ERROR]   symbol:   method getName()
[ERROR]   location: variable vehicle of type com.j2ee.carbooking.model.Vehicle
[ERROR] /E:/J2EE/BE-J2EE/src/main/java/com/j2ee/carbooking/service/DepositListingService.java:[102,36] cannot find symbol
[ERROR]   symbol:   method getStartDate()
[ERROR]   location: variable order of type com.j2ee.carbooking.model.Order
[ERROR] /E:/J2EE/BE-J2EE/src/main/java/com/j2ee/carbooking/service/DepositListingService.java:[104,20] cannot find symbol
[ERROR]   symbol:   method getId()
[ERROR]   location: variable listing of type com.j2ee.carbooking.model.DepositListing
[ERROR] /E:/J2EE/BE-J2EE/src/main/java/com/j2ee/carbooking/service/DepositListingService.java:[126,38] cannot find symbol
[ERROR]   symbol:   method getVehicleId()
[ERROR]   location: variable listing of type com.j2ee.carbooking.model.DepositListing
[ERROR] /E:/J2EE/BE-J2EE/src/main/java/com/j2ee/carbooking/service/DepositListingService.java:[130,38] cannot find symbol
[ERROR]   symbol:   method getOrderId()
[ERROR]   location: variable listing of type com.j2ee.carbooking.model.DepositListing
[ERROR] /E:/J2EE/BE-J2EE/src/main/java/com/j2ee/carbooking/service/DepositListingService.java:[151,21] cannot find symbol
[ERROR]   symbol:   method getSellerId()
[ERROR]   location: variable listing of type com.j2ee.carbooking.model.DepositListing
[ERROR] /E:/J2EE/BE-J2EE/src/main/java/com/j2ee/carbooking/service/DepositListingService.java:[156,20] cannot find symbol
[ERROR]   symbol:   method getStatus()
[ERROR]   location: variable listing of type com.j2ee.carbooking.model.DepositListing
[ERROR] /E:/J2EE/BE-J2EE/src/main/java/com/j2ee/carbooking/service/DepositListingService.java:[162,16] cannot find symbol
[ERROR]   symbol:   method setStatus(com.j2ee.carbooking.enums.DepositListingStatus)
[ERROR]   location: variable listing of type com.j2ee.carbooking.model.DepositListing
[ERROR] /E:/J2EE/BE-J2EE/src/main/java/com/j2ee/carbooking/service/DepositListingService.java:[166,61] cannot find symbol
[ERROR]   symbol:   method getVehicleId()
[ERROR]   location: variable listing of type com.j2ee.carbooking.model.DepositListing
[ERROR] /E:/J2EE/BE-J2EE/src/main/java/com/j2ee/carbooking/service/DepositListingService.java:[168,55] cannot find symbol
[ERROR]   symbol:   method getName()
[ERROR]   location: variable vehicle of type com.j2ee.carbooking.model.Vehicle
[ERROR] /E:/J2EE/BE-J2EE/src/main/java/com/j2ee/carbooking/service/DepositListingService.java:[189,30] cannot find symbol
[ERROR]   symbol:   method getListingId()
[ERROR]   location: variable request of type com.j2ee.carbooking.dto.request.BuyDepositListingRequest
[ERROR] /E:/J2EE/BE-J2EE/src/main/java/com/j2ee/carbooking/service/DepositListingService.java:[193,20] cannot find symbol
[ERROR]   symbol:   method getStatus()
[ERROR]   location: variable listing of type com.j2ee.carbooking.model.DepositListing
[ERROR] /E:/J2EE/BE-J2EE/src/main/java/com/j2ee/carbooking/service/DepositListingService.java:[198,48] cannot find symbol
[ERROR]   symbol:   method getExpiredAt()
[ERROR]   location: variable listing of type com.j2ee.carbooking.model.DepositListing
[ERROR] /E:/J2EE/BE-J2EE/src/main/java/com/j2ee/carbooking/service/DepositListingService.java:[203,20] cannot find symbol
[ERROR]   symbol:   method getSellerId()
[ERROR]   location: variable listing of type com.j2ee.carbooking.model.DepositListing
[ERROR] -> [Help 1]
[ERROR] 
[ERROR] To see the full stack trace of the errors, re-run Maven with the -e switch.
[ERROR] Re-run Maven using the -X switch to enable full debug logging.
[ERROR] 
[ERROR] For more information about the errors and possible solutions, please read the following articles:
[ERROR] [Help 1] http://cwiki.apache.org/confluence/display/MAVEN/MojoFailureException
