[INFO] Scanning for projects...
[INFO] 
[INFO] ------------------------< com.j2ee:carbooking >-------------------------
[INFO] Building carbooking 0.0.1-SNAPSHOT
[INFO]   from pom.xml
[INFO] --------------------------------[ jar ]---------------------------------
[INFO] 
[INFO] --- resources:3.3.1:resources (default-resources) @ carbooking ---
[INFO] Copying 1 resource from src\main\resources to target\classes
[INFO] Copying 1 resource from src\main\resources to target\classes
[INFO] 
[INFO] --- compiler:3.11.0:compile (default-compile) @ carbooking ---
[INFO] Changes detected - recompiling the module! :source
[INFO] Compiling 69 source files with javac [debug release 17] to target\classes
[INFO] /E:/J2EE/BE-J2EE/src/main/java/com/j2ee/carbooking/service/MomoService.java: E:\J2EE\BE-J2EE\src\main\java\com\j2ee\carbooking\service\MomoService.java uses unchecked or unsafe operations.
[INFO] /E:/J2EE/BE-J2EE/src/main/java/com/j2ee/carbooking/service/MomoService.java: Recompile with -Xlint:unchecked for details.
[INFO] -------------------------------------------------------------
[ERROR] COMPILATION ERROR : 
[INFO] -------------------------------------------------------------
[ERROR] /E:/J2EE/BE-J2EE/src/main/java/com/j2ee/carbooking/controller/AuthController.java:[16,2] cannot find symbol
  symbol: class RequiredArgsConstructor
[INFO] 1 error
[INFO] -------------------------------------------------------------
[INFO] ------------------------------------------------------------------------
[INFO] BUILD FAILURE
[INFO] ------------------------------------------------------------------------
[INFO] Total time:  3.516 s
[INFO] Finished at: 2026-03-23T03:22:59+07:00
[INFO] ------------------------------------------------------------------------
[ERROR] Failed to execute goal org.apache.maven.plugins:maven-compiler-plugin:3.11.0:compile (default-compile) on project carbooking: Compilation failure
[ERROR] /E:/J2EE/BE-J2EE/src/main/java/com/j2ee/carbooking/controller/AuthController.java:[16,2] cannot find symbol
[ERROR]   symbol: class RequiredArgsConstructor
[ERROR] 
[ERROR] -> [Help 1]
[ERROR] 
[ERROR] To see the full stack trace of the errors, re-run Maven with the -e switch.
[ERROR] Re-run Maven using the -X switch to enable full debug logging.
[ERROR] 
[ERROR] For more information about the errors and possible solutions, please read the following articles:
[ERROR] [Help 1] http://cwiki.apache.org/confluence/display/MAVEN/MojoFailureException
